[1;38;2;47;79;79m2026-10-09 20:42:13.678 +00:00[0m [1;34mmain[0m INFO ckb_bin::subcommand::run  ckb version: 0.210.0 (2592ddf 2026-09-17)
[1;38;2;47;79;79m2026-10-09 20:42:13.678 +00:00[0m [1;34mmain[0m INFO ckb_bin::subcommand::run  run rpc server with 20 threads
[1;38;2;47;79;79m2026-10-09 20:42:13.680 +00:00[0m [1;34mmain[0m INFO ckb_memory_tracker::process  track current process: disable
[1;38;2;47;79;79m2026-10-09 20:42:13.682 +00:00[0m [1;34mmain[0m INFO ckb_launcher  chain genesis hash: 0xddd6aea22911805968ca3f89bda08aa9d8024fc00b2c9ffb07b1bcd170673c6a
[1;38;2;47;79;79m2026-10-09 20:42:13.682 +00:00[0m [1;34mmain[0m INFO ckb_sync::types  header_map.memory_limit 256MB
[1;38;2;47;79;79m2026-10-09 20:42:13.682 +00:00[0m [1;34mmain[0m INFO ckb_network::network  Loading the peer store. This process may take a few seconds to complete.
[1;38;2;47;79;79m2026-10-09 20:42:13.682 +00:00[0m [1;34mmain[0m INFO ckb_network::network  Loaded the peer store.
[1;38;2;47;79;79m2026-10-09 20:42:13.683 +00:00[0m [1;34minit_load_unverified_blocks[0m INFO ckb_chain::init_load_unverified  finding unverified blocks, current tip: 0-Byte32(0xddd6aea22911805968ca3f89bda08aa9d8024fc00b2c9ffb07b1bcd170673c6a)
[1;38;2;47;79;79m2026-10-09 20:42:13.683 +00:00[0m [1;34minit_load_unverified_blocks[0m INFO ckb_chain::init_load_unverified  no unverified blocks found after tip, current tip: 0-Byte32(0xddd6aea22911805968ca3f89bda08aa9d8024fc00b2c9ffb07b1bcd170673c6a)
[1;38;2;47;79;79m2026-10-09 20:42:13.683 +00:00[0m [1;34minit_load_unverified_blocks[0m INFO ckb_chain::init_load_unverified  find unverified blocks finished
[1;38;2;47;79;79m2026-10-09 20:42:13.683 +00:00[0m [1;34mGlobalRt-4[0m INFO ckb_network::network  Listen on address: /ip4/127.0.0.1/tcp/18715
[1;38;2;47;79;79m2026-10-09 20:42:13.683 +00:00[0m [1;34mGlobalRt-4[0m INFO ckb_network::network  Listen on address: /ip4/127.0.0.1/tcp/18715/ws
[1;38;2;47;79;79m2026-10-09 20:42:13.683 +00:00[0m [1;34mGlobalRt-4[0m INFO ckb_network::network  p2p service event: ListenStarted { address: "/ip4/127.0.0.1/tcp/18715" }
[1;38;2;47;79;79m2026-10-09 20:42:13.683 +00:00[0m [1;34mGlobalRt-4[0m INFO ckb_network::network  p2p service event: ListenStarted { address: "/ip4/127.0.0.1/tcp/18715/ws" }
[1;38;2;47;79;79m2026-10-09 20:42:13.698 +00:00[0m [1;34mmain[0m INFO ckb_rpc::server  Listen HTTP RPCServer on address: 127.0.0.1:18714
[1;38;2;47;79;79m2026-10-09 20:42:13.698 +00:00[0m [1;34mmain[0m INFO ckb_launcher  onion_config.listen_on_onion is false, CKB won't listen on the onion hidden network
[1;38;2;47;79;79m2026-10-09 20:42:13.704 +00:00[0m [1;34mGlobalRt-4[0m INFO ckb_indexer_sync  initial_syncing finished
[1;38;2;47;79;79m2026-10-09 20:42:13.722 +00:00[0m [1;34mmain[0m INFO ckb_bin::subcommand::run  CKB service started ...
[1;38;2;47;79;79m2026-10-09 20:42:13.723 +00:00[0m [1;34mmain[0m INFO ckb_stop_handler::stop_register  Waiting exit signal...
[1;38;2;47;79;79m2026-10-09 20:42:13.846 +00:00[0m [1;34mverify_blocks[0m INFO ckb_chain::verify  [verify block] new best block found: 1 => 0x923d3b16f4f6a1706b2d3b19557a77adde15c716d1c8f826fccee5474703f6ed, difficulty diff = 0x100, unverified_tip: 1
[1;38;2;47;79;79m2026-10-09 20:42:13.847 +00:00[0m [1;34mverify_blocks[0m INFO ckb_chain::verify  block: 1, hash: 0x923d3b16f4f6a1706b2d3b19557a77adde15c716d1c8f826fccee5474703f6ed, epoch: 0(1/10), total_diff: 0x200, txs: 1, proposals: 0
[1;38;2;47;79;79m2026-10-09 20:42:13.851 +00:00[0m [1;34mGlobalRt-43[0m INFO ckb_indexer_sync  Indexer append 1, Byte32(0x923d3b16f4f6a1706b2d3b19557a77adde15c716d1c8f826fccee5474703f6ed)
[1;38;2;47;79;79m2026-10-09 20:42:13.972 +00:00[0m [1;34mverify_blocks[0m INFO ckb_chain::verify  [verify block] new best block found: 2 => 0x4881aff5bf175afb8c2d5ae01a438fa355e1873f27bcde7bd312fead838f72e0, difficulty diff = 0x100, unverified_tip: 2
[1;38;2;47;79;79m2026-10-09 20:42:13.973 +00:00[0m [1;34mverify_blocks[0m INFO ckb_chain::verify  block: 2, hash: 0x4881aff5bf175afb8c2d5ae01a438fa355e1873f27bcde7bd312fead838f72e0, epoch: 0(2/10), total_diff: 0x300, txs: 1, proposals: 1
[1;38;2;47;79;79m2026-10-09 20:42:13.977 +00:00[0m [1;34mGlobalRt-43[0m INFO ckb_indexer_sync  Indexer append 2, Byte32(0x4881aff5bf175afb8c2d5ae01a438fa355e1873f27bcde7bd312fead838f72e0)
[1;38;2;47;79;79m2026-10-09 20:42:14.098 +00:00[0m [1;34mverify_blocks[0m INFO ckb_chain::verify  [verify block] new best block found: 3 => 0xd8a392a383f7fdabe55cbf0d6bde40d61efb8f4c784a50c3443d3ff9bb08bd8b, difficulty diff = 0x100, unverified_tip: 3
[1;38;2;47;79;79m2026-10-09 20:42:14.098 +00:00[0m [1;34mverify_blocks[0m INFO ckb_chain::verify  block: 3, hash: 0xd8a392a383f7fdabe55cbf0d6bde40d61efb8f4c784a50c3443d3ff9bb08bd8b, epoch: 0(3/10), total_diff: 0x400, txs: 1, proposals: 0
[1;38;2;47;79;79m2026-10-09 20:42:14.099 +00:00[0m [1;34mGlobalRt-2[0m INFO ckb_tx_pool::pool  [get_block_template] candidate txs count: 1, size: 68130/596474, cycles:1644795/10000000000
[1;38;2;47;79;79m2026-10-09 20:42:14.102 +00:00[0m [1;34mGlobalRt-43[0m INFO ckb_indexer_sync  Indexer append 3, Byte32(0xd8a392a383f7fdabe55cbf0d6bde40d61efb8f4c784a50c3443d3ff9bb08bd8b)
[1;38;2;47;79;79m2026-10-09 20:42:14.224 +00:00[0m [1;34mverify_blocks[0m INFO ckb_chain::verify  [verify block] new best block found: 4 => 0x8f89e584094579794d9780151fe6ae50d2c18c08cc72fe7c925f25a2ad7e71d9, difficulty diff = 0x100, unverified_tip: 4
[1;38;2;47;79;79m2026-10-09 20:42:14.225 +00:00[0m [1;34mverify_blocks[0m INFO ckb_chain::verify  [block_verifier] block number: 4, hash: Byte32(0x8f89e584094579794d9780151fe6ae50d2c18c08cc72fe7c925f25a2ad7e71d9), size:68656/597000, cycles: 1644795/10000000000
[1;38;2;47;79;79m2026-10-09 20:42:14.225 +00:00[0m [1;34mverify_blocks[0m INFO ckb_chain::verify  block: 4, hash: 0x8f89e584094579794d9780151fe6ae50d2c18c08cc72fe7c925f25a2ad7e71d9, epoch: 0(4/10), total_diff: 0x500, txs: 2, proposals: 0
[1;38;2;47;79;79m2026-10-09 20:42:14.229 +00:00[0m [1;34mGlobalRt-43[0m INFO ckb_indexer_sync  Indexer append 4, Byte32(0x8f89e584094579794d9780151fe6ae50d2c18c08cc72fe7c925f25a2ad7e71d9)
[1;38;2;47;79;79m2026-10-09 20:42:14.351 +00:00[0m [1;34mverify_blocks[0m INFO ckb_chain::verify  [verify block] new best block found: 5 => 0x6f0b608aab7a7f0fdffcf9dc69afaad749574c992178cdfe0ad078cf834d794c, difficulty diff = 0x100, unverified_tip: 5
[1;38;2;47;79;79m2026-10-09 20:42:14.352 +00:00[0m [1;34mverify_blocks[0m INFO ckb_chain::verify  block: 5, hash: 0x6f0b608aab7a7f0fdffcf9dc69afaad749574c992178cdfe0ad078cf834d794c, epoch: 0(5/10), total_diff: 0x600, txs: 1, proposals: 0
[1;38;2;47;79;79m2026-10-09 20:42:14.356 +00:00[0m [1;34mGlobalRt-43[0m INFO ckb_indexer_sync  Indexer append 5, Byte32(0x6f0b608aab7a7f0fdffcf9dc69afaad749574c992178cdfe0ad078cf834d794c)
[1;38;2;47;79;79m2026-10-09 20:42:14.456 +00:00[0m [1;34mverify_blocks[0m INFO ckb_chain::verify  [verify block] new best block found: 6 => 0x60be65a9c128c9bd433e554bfdf57cf9c0d4b36585918308da1cdee42ae933b0, difficulty diff = 0x100, unverified_tip: 6
[1;38;2;47;79;79m2026-10-09 20:42:14.457 +00:00[0m [1;34mverify_blocks[0m INFO ckb_chain::verify  block: 6, hash: 0x60be65a9c128c9bd433e554bfdf57cf9c0d4b36585918308da1cdee42ae933b0, epoch: 0(6/10), total_diff: 0x700, txs: 1, proposals: 1
[1;38;2;47;79;79m2026-10-09 20:42:14.460 +00:00[0m [1;34mGlobalRt-43[0m INFO ckb_indexer_sync  Indexer append 6, Byte32(0x60be65a9c128c9bd433e554bfdf57cf9c0d4b36585918308da1cdee42ae933b0)
[1;38;2;47;79;79m2026-10-09 20:42:14.560 +00:00[0m [1;34mverify_blocks[0m INFO ckb_chain::verify  [verify block] new best block found: 7 => 0x599bf6502c15d163bbb6029119bba8ed9756e9f20fd8c4d742049cd8fbb47984, difficulty diff = 0x100, unverified_tip: 7
[1;38;2;47;79;79m2026-10-09 20:42:14.561 +00:00[0m [1;34mverify_blocks[0m INFO ckb_chain::verify  block: 7, hash: 0x599bf6502c15d163bbb6029119bba8ed9756e9f20fd8c4d742049cd8fbb47984, epoch: 0(7/10), total_diff: 0x800, txs: 1, proposals: 0
[1;38;2;47;79;79m2026-10-09 20:42:14.561 +00:00[0m [1;34mGlobalRt-12[0m INFO ckb_tx_pool::pool  [get_block_template] candidate txs count: 1, size: 25996/596474, cycles:1644147/10000000000
[1;38;2;47;79;79m2026-10-09 20:42:14.564 +00:00[0m [1;34mGlobalRt-2[0m INFO ckb_indexer_sync  Indexer append 7, Byte32(0x599bf6502c15d163bbb6029119bba8ed9756e9f20fd8c4d742049cd8fbb47984)
[1;38;2;47;79;79m2026-10-09 20:42:14.665 +00:00[0m [1;34mverify_blocks[0m INFO ckb_chain::verify  [verify block] new best block found: 8 => 0x20096d0e020d025747ca7fc0e6bf3505f74f3239d294644082c20bad2224304b, difficulty diff = 0x100, unverified_tip: 8
[1;38;2;47;79;79m2026-10-09 20:42:14.665 +00:00[0m [1;34mverify_blocks[0m INFO ckb_chain::verify  [block_verifier] block number: 8, hash: Byte32(0x20096d0e020d025747ca7fc0e6bf3505f74f3239d294644082c20bad2224304b), size:26522/597000, cycles: 1644147/10000000000
[1;38;2;47;79;79m2026-10-09 20:42:14.665 +00:00[0m [1;34mverify_blocks[0m INFO ckb_chain::verify  block: 8, hash: 0x20096d0e020d025747ca7fc0e6bf3505f74f3239d294644082c20bad2224304b, epoch: 0(8/10), total_diff: 0x900, txs: 2, proposals: 0
[1;38;2;47;79;79m2026-10-09 20:42:14.668 +00:00[0m [1;34mGlobalRt-2[0m INFO ckb_indexer_sync  Indexer append 8, Byte32(0x20096d0e020d025747ca7fc0e6bf3505f74f3239d294644082c20bad2224304b)
[1;38;2;47;79;79m2026-10-09 20:42:14.783 +00:00[0m [1;34mverify_blocks[0m INFO ckb_chain::verify  [verify block] new best block found: 9 => 0xaf0211e8f3fb613319a3f17309a75a839df5d0078a52de1bce60f3407a0f2d6a, difficulty diff = 0x100, unverified_tip: 9
[1;38;2;47;79;79m2026-10-09 20:42:14.784 +00:00[0m [1;34mverify_blocks[0m INFO ckb_chain::verify  block: 9, hash: 0xaf0211e8f3fb613319a3f17309a75a839df5d0078a52de1bce60f3407a0f2d6a, epoch: 0(9/10), total_diff: 0xa00, txs: 1, proposals: 0
[1;38;2;47;79;79m2026-10-09 20:42:14.786 +00:00[0m [1;34mGlobalRt-2[0m INFO ckb_indexer_sync  Indexer append 9, Byte32(0xaf0211e8f3fb613319a3f17309a75a839df5d0078a52de1bce60f3407a0f2d6a)
[1;38;2;47;79;79m2026-10-09 20:42:14.908 +00:00[0m [1;34mverify_blocks[0m INFO ckb_chain::verify  [verify block] new best block found: 10 => 0xeda3c8ba53a3b2f63f060dd02c6f03f9c4d9c2d2a44e22f58f322a0917ba86b8, difficulty diff = 0x100, unverified_tip: 10
[1;38;2;47;79;79m2026-10-09 20:42:14.908 +00:00[0m [1;34mverify_blocks[0m INFO ckb_chain::verify  block: 10, hash: 0xeda3c8ba53a3b2f63f060dd02c6f03f9c4d9c2d2a44e22f58f322a0917ba86b8, epoch: 1(0/10), total_diff: 0xb00, txs: 1, proposals: 1
[1;38;2;47;79;79m2026-10-09 20:42:14.911 +00:00[0m [1;34mGlobalRt-40[0m INFO ckb_indexer_sync  Indexer append 10, Byte32(0xeda3c8ba53a3b2f63f060dd02c6f03f9c4d9c2d2a44e22f58f322a0917ba86b8)
[1;38;2;47;79;79m2026-10-09 20:42:15.011 +00:00[0m [1;34mverify_blocks[0m INFO ckb_chain::verify  [verify block] new best block found: 11 => 0x29b49a76710fe2e931623bcb58fa4d15768b146d9f9b73c2dcec3677e568b0d0, difficulty diff = 0x100, unverified_tip: 11
[1;38;2;47;79;79m2026-10-09 20:42:15.012 +00:00[0m [1;34mverify_blocks[0m INFO ckb_chain::verify  block: 11, hash: 0x29b49a76710fe2e931623bcb58fa4d15768b146d9f9b73c2dcec3677e568b0d0, epoch: 1(1/10), total_diff: 0xc00, txs: 1, proposals: 0
[1;38;2;47;79;79m2026-10-09 20:42:15.012 +00:00[0m [1;34mGlobalRt-43[0m INFO ckb_tx_pool::pool  [get_block_template] candidate txs count: 1, size: 1005/596365, cycles:1742806/10000000000
[1;38;2;47;79;79m2026-10-09 20:42:15.015 +00:00[0m [1;34mGlobalRt-40[0m INFO ckb_indexer_sync  Indexer append 11, Byte32(0x29b49a76710fe2e931623bcb58fa4d15768b146d9f9b73c2dcec3677e568b0d0)
[1;38;2;47;79;79m2026-10-09 20:42:15.115 +00:00[0m [1;34mverify_blocks[0m INFO ckb_chain::verify  [verify block] new best block found: 12 => 0x644c283c52617dcc0b52716931dd751d223ef73d7290f04dc48fd382fce846a4, difficulty diff = 0x100, unverified_tip: 12
[1;38;2;47;79;79m2026-10-09 20:42:15.116 +00:00[0m [1;34mverify_blocks[0m INFO ckb_chain::verify  [block_verifier] block number: 12, hash: Byte32(0x644c283c52617dcc0b52716931dd751d223ef73d7290f04dc48fd382fce846a4), size:1640/597000, cycles: 1742806/10000000000
[1;38;2;47;79;79m2026-10-09 20:42:15.116 +00:00[0m [1;34mverify_blocks[0m INFO ckb_chain::verify  block: 12, hash: 0x644c283c52617dcc0b52716931dd751d223ef73d7290f04dc48fd382fce846a4, epoch: 1(2/10), total_diff: 0xd00, txs: 2, proposals: 0
[1;38;2;47;79;79m2026-10-09 20:42:15.119 +00:00[0m [1;34mGlobalRt-40[0m INFO ckb_indexer_sync  Indexer append 12, Byte32(0x644c283c52617dcc0b52716931dd751d223ef73d7290f04dc48fd382fce846a4)
[1;38;2;47;79;79m2026-10-09 20:42:15.237 +00:00[0m [1;34mGlobalRt-13[0m INFO ckb_script::verify::logging  Error validating script group Byte32(0x33b78a2d0029359f7d7b583e7752515c2a6fab7ad1b69e9aa39fef4aeefa1e8b) of transaction Byte32(0x006171b5d9018612a96bef0b166b1cc01f5e7b8511e320b0d446a29e8900e9ce): ValidationFailure: see error code 7 on page https://nervosnetwork.github.io/ckb-script-error-codes/by-data-hash/b2784f9a45abb5000102f1d2216228c8b48463dc327137bf2fe690508103d442.html#7
[1;38;2;47;79;79m2026-10-09 20:42:15.243 +00:00[0m [1;34mGlobalRt-6[0m INFO ckb_script::verify::logging  Error validating script group Byte32(0x33b78a2d0029359f7d7b583e7752515c2a6fab7ad1b69e9aa39fef4aeefa1e8b) of transaction Byte32(0x2a6aad948efcf49f9ce681c97c1ceeca1819d1bc968cd8a46761aede5c94ef25): ValidationFailure: see error code 7 on page https://nervosnetwork.github.io/ckb-script-error-codes/by-data-hash/b2784f9a45abb5000102f1d2216228c8b48463dc327137bf2fe690508103d442.html#7
[1;38;2;47;79;79m2026-10-09 20:42:15.250 +00:00[0m [1;34mGlobalRt-43[0m INFO ckb_script::verify::logging  Error validating script group Byte32(0x33b78a2d0029359f7d7b583e7752515c2a6fab7ad1b69e9aa39fef4aeefa1e8b) of transaction Byte32(0x4c69687d328cd3817101d403b2758bb56b7a260fc7a50a3b6fe636e9fa7c5db9): ValidationFailure: see error code 7 on page https://nervosnetwork.github.io/ckb-script-error-codes/by-data-hash/b2784f9a45abb5000102f1d2216228c8b48463dc327137bf2fe690508103d442.html#7
[1;38;2;47;79;79m2026-10-09 20:42:15.257 +00:00[0m [1;34mGlobalRt-12[0m INFO ckb_script::verify::logging  Error validating script group Byte32(0x33b78a2d0029359f7d7b583e7752515c2a6fab7ad1b69e9aa39fef4aeefa1e8b) of transaction Byte32(0x5ab473fda7265de38bd4cb49336964557042020a99fe3c0ceb31e93c956adc86): ValidationFailure: see error code 7 on page https://nervosnetwork.github.io/ckb-script-error-codes/by-data-hash/b2784f9a45abb5000102f1d2216228c8b48463dc327137bf2fe690508103d442.html#7
[1;38;2;47;79;79m2026-10-09 20:42:15.264 +00:00[0m [1;34mGlobalRt-44[0m INFO ckb_script::verify::logging  Error validating script group Byte32(0x33b78a2d0029359f7d7b583e7752515c2a6fab7ad1b69e9aa39fef4aeefa1e8b) of transaction Byte32(0xe2d52bddb1ad47a20f469ea2894cdee7723f8d0b930f5b2bd6d0fc3049aa30fc): ValidationFailure: see error code 7 on page https://nervosnetwork.github.io/ckb-script-error-codes/by-data-hash/b2784f9a45abb5000102f1d2216228c8b48463dc327137bf2fe690508103d442.html#7
[1;38;2;47;79;79m2026-10-09 20:42:15.270 +00:00[0m [1;34mGlobalRt-40[0m INFO ckb_script::verify::logging  Error validating script group Byte32(0x33b78a2d0029359f7d7b583e7752515c2a6fab7ad1b69e9aa39fef4aeefa1e8b) of transaction Byte32(0x55abf0196508282ea775a7ac0f1c04ebebd042895ee003cc3a2d948991e3e428): ValidationFailure: see error code 7 on page https://nervosnetwork.github.io/ckb-script-error-codes/by-data-hash/b2784f9a45abb5000102f1d2216228c8b48463dc327137bf2fe690508103d442.html#7
[1;38;2;47;79;79m2026-10-09 20:42:15.275 +00:00[0m [1;34mGlobalRt-2[0m INFO ckb_script::verify::logging  Error validating script group Byte32(0x33b78a2d0029359f7d7b583e7752515c2a6fab7ad1b69e9aa39fef4aeefa1e8b) of transaction Byte32(0xabc32f59607a03eeb561c018802dac4ee48a9a5650adbe392e6e4ec39510bfff): ValidationFailure: see error code 7 on page https://nervosnetwork.github.io/ckb-script-error-codes/by-data-hash/b2784f9a45abb5000102f1d2216228c8b48463dc327137bf2fe690508103d442.html#7
[1;38;2;47;79;79m2026-10-09 20:42:15.278 +00:00[0m [1;34mGlobalRt-13[0m INFO ckb_script::verify::logging  Error validating script group Byte32(0x33b78a2d0029359f7d7b583e7752515c2a6fab7ad1b69e9aa39fef4aeefa1e8b) of transaction Byte32(0xbb2e913f800f7c4ff6f6aac1a78b1f3ac8363d8ff2405b1b312240c382dc4277): ValidationFailure: see error code 7 on page https://nervosnetwork.github.io/ckb-script-error-codes/by-data-hash/b2784f9a45abb5000102f1d2216228c8b48463dc327137bf2fe690508103d442.html#7
[1;38;2;47;79;79m2026-10-09 20:42:15.284 +00:00[0m [1;34mGlobalRt-43[0m INFO ckb_script::verify::logging  Error validating script group Byte32(0x33b78a2d0029359f7d7b583e7752515c2a6fab7ad1b69e9aa39fef4aeefa1e8b) of transaction Byte32(0x303ad8eda20652dbe4cf8ef43f9117da80690c57f79671f3d7a44b4c0d174ad0): ValidationFailure: see error code 7 on page https://nervosnetwork.github.io/ckb-script-error-codes/by-data-hash/b2784f9a45abb5000102f1d2216228c8b48463dc327137bf2fe690508103d442.html#7
[1;38;2;47;79;79m2026-10-09 20:42:15.290 +00:00[0m [1;34mGlobalRt-44[0m INFO ckb_script::verify::logging  Error validating script group Byte32(0x33b78a2d0029359f7d7b583e7752515c2a6fab7ad1b69e9aa39fef4aeefa1e8b) of transaction Byte32(0xdf1618f228f2986321b55501d545367211646a0c55e70e1c3c15f4fa40d05649): ValidationFailure: see error code 7 on page https://nervosnetwork.github.io/ckb-script-error-codes/by-data-hash/b2784f9a45abb5000102f1d2216228c8b48463dc327137bf2fe690508103d442.html#7
[1;38;2;47;79;79m2026-10-09 20:42:15.297 +00:00[0m [1;34mGlobalRt-6[0m INFO ckb_script::verify::logging  Error validating script group Byte32(0xb18fe85569e788b7e4cb5c6b478002f6d1c5d5075ad0d8e5b47316b5e3c688a8) of transaction Byte32(0xfea3176f1f3bf6468d217d6e28074205cc734206863b3e6ce461ca30baf8662d): ValidationFailure: see error code 4 on page https://nervosnetwork.github.io/ckb-script-error-codes/by-data-hash/b2784f9a45abb5000102f1d2216228c8b48463dc327137bf2fe690508103d442.html#4
[1;38;2;47;79;79m2026-10-09 20:42:15.303 +00:00[0m [1;34mGlobalRt-40[0m INFO ckb_script::verify::logging  Error validating script group Byte32(0xa8cb819f81de299d0781b64f1b02c1bb76095064d06f13a8cf34d407b2ee551b) of transaction Byte32(0x7c3dfedbbf1026b6a6e93c410d6778112803ce1c9fbb4cb0f2f46e7042587f0c): ValidationFailure: see error code 1 on page https://nervosnetwork.github.io/ckb-script-error-codes/by-data-hash/b2784f9a45abb5000102f1d2216228c8b48463dc327137bf2fe690508103d442.html#1
[1;38;2;47;79;79m2026-10-09 20:42:15.307 +00:00[0m [1;34mGlobalRt-2[0m INFO ckb_script::verify::logging  Error validating script group Byte32(0x33b78a2d0029359f7d7b583e7752515c2a6fab7ad1b69e9aa39fef4aeefa1e8b) of transaction Byte32(0x0f2acede6b987e2955526b5b2b78356a85878fc06b58670ef8bc2813ba56b3ae): ValidationFailure: see error code 5 on page https://nervosnetwork.github.io/ckb-script-error-codes/by-data-hash/b2784f9a45abb5000102f1d2216228c8b48463dc327137bf2fe690508103d442.html#5
[1;38;2;47;79;79m2026-10-09 20:42:15.310 +00:00[0m [1;34mGlobalRt-13[0m INFO ckb_script::verify::logging  Error validating script group Byte32(0x33b78a2d0029359f7d7b583e7752515c2a6fab7ad1b69e9aa39fef4aeefa1e8b) of transaction Byte32(0x9fc2fbf734bea86113e98715fdbee372333a2db29b5c61c024ab316d49f34fae): ValidationFailure: see error code 5 on page https://nervosnetwork.github.io/ckb-script-error-codes/by-data-hash/b2784f9a45abb5000102f1d2216228c8b48463dc327137bf2fe690508103d442.html#5
[1;38;2;47;79;79m2026-10-09 20:42:15.316 +00:00[0m [1;34mGlobalRt-43[0m INFO ckb_script::verify::logging  Error validating script group Byte32(0x33b78a2d0029359f7d7b583e7752515c2a6fab7ad1b69e9aa39fef4aeefa1e8b) of transaction Byte32(0x87f9d17d4c32f6bf55bf05fdbfe3027bfd9e098a13e2947ab84f60a2e706a317): ValidationFailure: see error code 2 on page https://nervosnetwork.github.io/ckb-script-error-codes/by-data-hash/b2784f9a45abb5000102f1d2216228c8b48463dc327137bf2fe690508103d442.html#2
[1;38;2;47;79;79m2026-10-09 20:42:15.321 +00:00[0m [1;34mGlobalRt-44[0m INFO ckb_script::verify::logging  Error validating script group Byte32(0x33b78a2d0029359f7d7b583e7752515c2a6fab7ad1b69e9aa39fef4aeefa1e8b) of transaction Byte32(0x49270701b5a976d7c304fdb77bb64b15b01d75b8c54a260b8300553d29f05dc7): ValidationFailure: see error code 4 on page https://nervosnetwork.github.io/ckb-script-error-codes/by-data-hash/b2784f9a45abb5000102f1d2216228c8b48463dc327137bf2fe690508103d442.html#4
[1;38;2;47;79;79m2026-10-09 20:42:15.326 +00:00[0m [1;34mGlobalRt-6[0m INFO ckb_script::verify::logging  Error validating script group Byte32(0x33b78a2d0029359f7d7b583e7752515c2a6fab7ad1b69e9aa39fef4aeefa1e8b) of transaction Byte32(0x03e55aef5ccd2e69addb043a137f84355e92d4ad4d49ed1be967002d4137ebce): ValidationFailure: see error code 4 on page https://nervosnetwork.github.io/ckb-script-error-codes/by-data-hash/b2784f9a45abb5000102f1d2216228c8b48463dc327137bf2fe690508103d442.html#4
[1;38;2;47;79;79m2026-10-09 20:42:15.340 +00:00[0m [1;34mverify_blocks[0m INFO ckb_chain::verify  [verify block] new best block found: 13 => 0xbfe30a5d056dfaf6ef4419ec999cae6b0ff5701db9ffe7593a6ac4e7fcc535d3, difficulty diff = 0x100, unverified_tip: 13
[1;38;2;47;79;79m2026-10-09 20:42:15.340 +00:00[0m [1;34mverify_blocks[0m INFO ckb_chain::verify  block: 13, hash: 0xbfe30a5d056dfaf6ef4419ec999cae6b0ff5701db9ffe7593a6ac4e7fcc535d3, epoch: 1(3/10), total_diff: 0xe00, txs: 1, proposals: 0
[1;38;2;47;79;79m2026-10-09 20:42:15.343 +00:00[0m [1;34mGlobalRt-6[0m INFO ckb_indexer_sync  Indexer append 13, Byte32(0xbfe30a5d056dfaf6ef4419ec999cae6b0ff5701db9ffe7593a6ac4e7fcc535d3)
[1;38;2;47;79;79m2026-10-09 20:42:15.443 +00:00[0m [1;34mverify_blocks[0m INFO ckb_chain::verify  [verify block] new best block found: 14 => 0x5d9bee89dad61fe080d8bf7213105ad96575c4813bbbbb30d46e25fa6cdc7e9e, difficulty diff = 0x100, unverified_tip: 14
[1;38;2;47;79;79m2026-10-09 20:42:15.443 +00:00[0m [1;34mverify_blocks[0m INFO ckb_chain::verify  block: 14, hash: 0x5d9bee89dad61fe080d8bf7213105ad96575c4813bbbbb30d46e25fa6cdc7e9e, epoch: 1(4/10), total_diff: 0xf00, txs: 1, proposals: 1
[1;38;2;47;79;79m2026-10-09 20:42:15.447 +00:00[0m [1;34mGlobalRt-18[0m INFO ckb_indexer_sync  Indexer append 14, Byte32(0x5d9bee89dad61fe080d8bf7213105ad96575c4813bbbbb30d46e25fa6cdc7e9e)
[1;38;2;47;79;79m2026-10-09 20:42:15.546 +00:00[0m [1;34mverify_blocks[0m INFO ckb_chain::verify  [verify block] new best block found: 15 => 0x620480d25e8429744a71189df4ad5b592a3cdaab4a1f1b51b6108f57eaa1e6e4, difficulty diff = 0x100, unverified_tip: 15
[1;38;2;47;79;79m2026-10-09 20:42:15.546 +00:00[0m [1;34mverify_blocks[0m INFO ckb_chain::verify  block: 15, hash: 0x620480d25e8429744a71189df4ad5b592a3cdaab4a1f1b51b6108f57eaa1e6e4, epoch: 1(5/10), total_diff: 0x1000, txs: 1, proposals: 0
[1;38;2;47;79;79m2026-10-09 20:42:15.547 +00:00[0m [1;34mGlobalRt-40[0m INFO ckb_tx_pool::pool  [get_block_template] candidate txs count: 1, size: 1687/596365, cycles:1799031/10000000000
[1;38;2;47;79;79m2026-10-09 20:42:15.550 +00:00[0m [1;34mGlobalRt-0[0m INFO ckb_indexer_sync  Indexer append 15, Byte32(0x620480d25e8429744a71189df4ad5b592a3cdaab4a1f1b51b6108f57eaa1e6e4)
[1;38;2;47;79;79m2026-10-09 20:42:15.649 +00:00[0m [1;34mverify_blocks[0m INFO ckb_chain::verify  [verify block] new best block found: 16 => 0xb97cb7dbac0f728e78c92317797c3c29341f433ee155a85af0f469ad52759cde, difficulty diff = 0x100, unverified_tip: 16
[1;38;2;47;79;79m2026-10-09 20:42:15.650 +00:00[0m [1;34mverify_blocks[0m INFO ckb_chain::verify  [block_verifier] block number: 16, hash: Byte32(0xb97cb7dbac0f728e78c92317797c3c29341f433ee155a85af0f469ad52759cde), size:2322/597000, cycles: 1799031/10000000000
[1;38;2;47;79;79m2026-10-09 20:42:15.650 +00:00[0m [1;34mverify_blocks[0m INFO ckb_chain::verify  block: 16, hash: 0xb97cb7dbac0f728e78c92317797c3c29341f433ee155a85af0f469ad52759cde, epoch: 1(6/10), total_diff: 0x1100, txs: 2, proposals: 0
[1;38;2;47;79;79m2026-10-09 20:42:15.653 +00:00[0m [1;34mGlobalRt-6[0m INFO ckb_indexer_sync  Indexer append 16, Byte32(0xb97cb7dbac0f728e78c92317797c3c29341f433ee155a85af0f469ad52759cde)
[1;38;2;47;79;79m2026-10-09 20:42:15.759 +00:00[0m [1;34mGlobalRt-14[0m INFO ckb_script::verify::logging  Error validating script group Byte32(0x33b78a2d0029359f7d7b583e7752515c2a6fab7ad1b69e9aa39fef4aeefa1e8b) of transaction Byte32(0xc9c3bcf6141d136037c1189c0626944642c8f8252f2c35e0f44a91fbe7986c2a): ValidationFailure: see error code 2 on page https://nervosnetwork.github.io/ckb-script-error-codes/by-data-hash/b2784f9a45abb5000102f1d2216228c8b48463dc327137bf2fe690508103d442.html#2
[1;38;2;47;79;79m2026-10-09 20:42:15.764 +00:00[0m [1;34mGlobalRt-12[0m INFO ckb_script::verify::logging  Error validating script group Byte32(0x33b78a2d0029359f7d7b583e7752515c2a6fab7ad1b69e9aa39fef4aeefa1e8b) of transaction Byte32(0x9a3be14006a0a433fc2f07bd5aec55d07a6a466da0b98795225c909a5ba9969a): ValidationFailure: see error code 2 on page https://nervosnetwork.github.io/ckb-script-error-codes/by-data-hash/b2784f9a45abb5000102f1d2216228c8b48463dc327137bf2fe690508103d442.html#2
[1;38;2;47;79;79m2026-10-09 20:42:15.794 +00:00[0m [1;34mverify_blocks[0m INFO ckb_chain::verify  [verify block] new best block found: 17 => 0xe453e3b227bed2731a3f613c156c871c3e92c5f5894544fc38b01dfa9f59c3dc, difficulty diff = 0x100, unverified_tip: 17
[1;38;2;47;79;79m2026-10-09 20:42:15.794 +00:00[0m [1;34mverify_blocks[0m INFO ckb_chain::verify  block: 17, hash: 0xe453e3b227bed2731a3f613c156c871c3e92c5f5894544fc38b01dfa9f59c3dc, epoch: 1(7/10), total_diff: 0x1200, txs: 1, proposals: 0
[1;38;2;47;79;79m2026-10-09 20:42:15.797 +00:00[0m [1;34mGlobalRt-18[0m INFO ckb_indexer_sync  Indexer append 17, Byte32(0xe453e3b227bed2731a3f613c156c871c3e92c5f5894544fc38b01dfa9f59c3dc)
[1;38;2;47;79;79m2026-10-09 20:42:15.898 +00:00[0m [1;34mverify_blocks[0m INFO ckb_chain::verify  [verify block] new best block found: 18 => 0x2fef93c8728be3f4162832b258b6ad7fe4017a11a8f5577d3366e39ae84d2606, difficulty diff = 0x100, unverified_tip: 18
[1;38;2;47;79;79m2026-10-09 20:42:15.898 +00:00[0m [1;34mverify_blocks[0m INFO ckb_chain::verify  block: 18, hash: 0x2fef93c8728be3f4162832b258b6ad7fe4017a11a8f5577d3366e39ae84d2606, epoch: 1(8/10), total_diff: 0x1300, txs: 1, proposals: 1
[1;38;2;47;79;79m2026-10-09 20:42:15.901 +00:00[0m [1;34mGlobalRt-0[0m INFO ckb_indexer_sync  Indexer append 18, Byte32(0x2fef93c8728be3f4162832b258b6ad7fe4017a11a8f5577d3366e39ae84d2606)
[1;38;2;47;79;79m2026-10-09 20:42:16.001 +00:00[0m [1;34mverify_blocks[0m INFO ckb_chain::verify  [verify block] new best block found: 19 => 0x6856d17e9c096a5bd57e49efaee076db6b28538442923522196161a87d964056, difficulty diff = 0x100, unverified_tip: 19
[1;38;2;47;79;79m2026-10-09 20:42:16.001 +00:00[0m [1;34mverify_blocks[0m INFO ckb_chain::verify  block: 19, hash: 0x6856d17e9c096a5bd57e49efaee076db6b28538442923522196161a87d964056, epoch: 1(9/10), total_diff: 0x1400, txs: 1, proposals: 0
[1;38;2;47;79;79m2026-10-09 20:42:16.002 +00:00[0m [1;34mGlobalRt-12[0m INFO ckb_tx_pool::pool  [get_block_template] candidate txs count: 1, size: 1724/596365, cycles:1807877/10000000000
[1;38;2;47;79;79m2026-10-09 20:42:16.005 +00:00[0m [1;34mGlobalRt-12[0m INFO ckb_indexer_sync  Indexer append 19, Byte32(0x6856d17e9c096a5bd57e49efaee076db6b28538442923522196161a87d964056)
[1;38;2;47;79;79m2026-10-09 20:42:16.104 +00:00[0m [1;34mverify_blocks[0m INFO ckb_chain::verify  [verify block] new best block found: 20 => 0x692d196720bb5f5706df579978bd1121d277c98ef3d6e041b5490417b679fdaf, difficulty diff = 0x100, unverified_tip: 20
[1;38;2;47;79;79m2026-10-09 20:42:16.105 +00:00[0m [1;34mverify_blocks[0m INFO ckb_chain::verify  [block_verifier] block number: 20, hash: Byte32(0x692d196720bb5f5706df579978bd1121d277c98ef3d6e041b5490417b679fdaf), size:2359/597000, cycles: 1807877/10000000000
[1;38;2;47;79;79m2026-10-09 20:42:16.105 +00:00[0m [1;34mverify_blocks[0m INFO ckb_chain::verify  block: 20, hash: 0x692d196720bb5f5706df579978bd1121d277c98ef3d6e041b5490417b679fdaf, epoch: 2(0/10), total_diff: 0x1500, txs: 2, proposals: 0
[1;38;2;47;79;79m2026-10-09 20:42:16.108 +00:00[0m [1;34mGlobalRt-43[0m INFO ckb_indexer_sync  Indexer append 20, Byte32(0x692d196720bb5f5706df579978bd1121d277c98ef3d6e041b5490417b679fdaf)
[1;38;2;47;79;79m2026-10-09 20:42:16.211 +00:00[0m [1;34mGlobalRt-14[0m INFO ckb_script::verify::logging  Error validating script group Byte32(0x33b78a2d0029359f7d7b583e7752515c2a6fab7ad1b69e9aa39fef4aeefa1e8b) of transaction Byte32(0xd92c6021408dae6531fb136d79f36fdeabdd09cbd4cb28be926ec0977905c89c): ValidationFailure: see error code 2 on page https://nervosnetwork.github.io/ckb-script-error-codes/by-data-hash/b2784f9a45abb5000102f1d2216228c8b48463dc327137bf2fe690508103d442.html#2
[1;38;2;47;79;79m2026-10-09 20:42:16.217 +00:00[0m [1;34mGlobalRt-18[0m INFO ckb_script::verify::logging  Error validating script group Byte32(0x33b78a2d0029359f7d7b583e7752515c2a6fab7ad1b69e9aa39fef4aeefa1e8b) of transaction Byte32(0x47568b2b0e67ba5db6e4ac36ec4900f9e5e92d153d8241e33c264f746dac5364): ValidationFailure: see error code 2 on page https://nervosnetwork.github.io/ckb-script-error-codes/by-data-hash/b2784f9a45abb5000102f1d2216228c8b48463dc327137bf2fe690508103d442.html#2
[1;38;2;47;79;79m2026-10-09 20:42:16.269 +00:00[0m [1;34mctrl-c[0m INFO ckb_bin::subcommand::run  Trapped exit signal, exiting...
[1;38;2;47;79;79m2026-10-09 20:42:16.269 +00:00[0m [1;34mGlobalRt-0[0m INFO ckb_shared::types::header_map  HeaderMap limit_memory received exit signal, exit now
[1;38;2;47;79;79m2026-10-09 20:42:16.269 +00:00[0m [1;34mGlobalRt-0[0m INFO ckb_network::network  NetworkService receive exit signal, start shutdown...
[1;38;2;47;79;79m2026-10-09 20:42:16.269 +00:00[0m [1;34mGlobalRt-0[0m INFO ckb_network::network  NetworkService shutdown now
[1;38;2;47;79;79m2026-10-09 20:42:16.269 +00:00[0m [1;34mGlobalRt-12[0m INFO ckb_tx_pool::verify_mgr  TxPool chunk_command service received exit signal, exit now
[1;38;2;47;79;79m2026-10-09 20:42:16.269 +00:00[0m [1;34mGlobalRt-12[0m INFO ckb_tx_pool::verify_mgr  Verify worker::process_inner exit_signal is cancelled
[1;38;2;47;79;79m2026-10-09 20:42:16.269 +00:00[0m [1;34mGlobalRt-12[0m INFO ckb_tx_pool::verify_mgr  Verify worker::process_inner exit_signal is cancelled
[1;38;2;47;79;79m2026-10-09 20:42:16.269 +00:00[0m [1;34mChainService[0m INFO ckb_chain::chain_service  ChainService received exit signal, exit now
[1;38;2;47;79;79m2026-10-09 20:42:16.269 +00:00[0m [1;34mGlobalRt-12[0m INFO ckb_tx_pool::verify_mgr  Verify worker::process_inner exit_signal is cancelled
[1;38;2;47;79;79m2026-10-09 20:42:16.269 +00:00[0m [1;34mGlobalRt-2[0m INFO ckb_tx_pool::verify_mgr  Verify worker::process_inner exit_signal is cancelled
[1;38;2;47;79;79m2026-10-09 20:42:16.269 +00:00[0m [1;34mGlobalRt-6[0m INFO ckb_tx_pool::service  TxPool reorg process service received exit signal, exit now
[1;38;2;47;79;79m2026-10-09 20:42:16.269 +00:00[0m [1;34mpreload_unverified_block[0m INFO ckb_chain::preload_unverified_blocks_channel  preload_unverified_blocks thread received exit signal, exit now
[1;38;2;47;79;79m2026-10-09 20:42:16.269 +00:00[0m [1;34mGlobalRt-2[0m INFO ckb_notify  NotifyService received exit signal, exit now
[1;38;2;47;79;79m2026-10-09 20:42:16.269 +00:00[0m [1;34mGlobalRt-12[0m INFO ckb_tx_pool::verify_mgr  TxPool verify_mgr service exited
[1;38;2;47;79;79m2026-10-09 20:42:16.269 +00:00[0m [1;34mGlobalRt-6[0m INFO ckb_indexer_sync  Indexer received exit signal, exit now
[1;38;2;47;79;79m2026-10-09 20:42:16.269 +00:00[0m [1;34mGlobalRt-42[0m INFO ckb_block_filter::filter  BlockFilter received exit signal, exit now
[1;38;2;47;79;79m2026-10-09 20:42:16.269 +00:00[0m [1;34mGlobalRt-2[0m INFO ckb_tx_pool::service  TxPool block_assembler process service received exit signal, exit now
[1;38;2;47;79;79m2026-10-09 20:42:16.269 +00:00[0m [1;34mGlobalRt-12[0m INFO ckb_tx_pool::service  TxPool is saving, please wait...
[1;38;2;47;79;79m2026-10-09 20:42:16.269 +00:00[0m [1;34mGlobalRt-2[0m INFO ckb_network::network  p2p service event: ListenClose { address: "/ip4/127.0.0.1/tcp/18715/ws" }
[1;38;2;47;79;79m2026-10-09 20:42:16.269 +00:00[0m [1;34mGlobalRt-2[0m INFO ckb_network::network  p2p service event: ListenClose { address: "/ip4/127.0.0.1/tcp/18715" }
[1;38;2;47;79;79m2026-10-09 20:42:16.269 +00:00[0m [1;34mverify_blocks[0m INFO ckb_chain::verify  truncate_block_tx has been closed, err: receiving on an empty and disconnected channel
[1;38;2;47;79;79m2026-10-09 20:42:16.270 +00:00[0m [1;34mChainService[0m WARN ckb_chain::init  trying to notify consume unverified thread to stop, but unverified_queue_stop_tx already closed
[1;38;2;47;79;79m2026-10-09 20:42:16.270 +00:00[0m [1;34mmain[0m INFO ckb_stop_handler::stop_register  Waiting thread ChainService done.
[1;38;2;47;79;79m2026-10-09 20:42:16.270 +00:00[0m [1;34mmain[0m INFO ckb_stop_handler::stop_register  All ckb threads have been stopped
2026-10-09 20:42:16.272 +00:00 main INFO ckb_bin  Waiting for all tokio tasks to exit...
2026-10-09 20:42:16.281 +00:00 main INFO ckb_bin  All tokio tasks and threads have exited. CKB shutdown
