[1;30m2026-10-09 20:41:55.892 +00:00[0m [1;34mmain[0m INFO sentry  sentry is disabled
[1;30m2026-10-09 20:41:55.964 +00:00[0m [1;34mmain[0m INFO ckb_bin::subcommand::run  ckb version: 0.121.0 (45e4c67 2025-01-22)
[1;30m2026-10-09 20:41:55.964 +00:00[0m [1;34mmain[0m INFO ckb_bin::subcommand::run  run rpc server with 20 threads
[1;30m2026-10-09 20:41:56.069 +00:00[0m [1;34mmain[0m INFO ckb_db_migration  Init database version 20231101000000
[1;30m2026-10-09 20:41:56.077 +00:00[0m [1;34mmain[0m INFO ckb_launcher  Touch chain spec hash: Byte32(0x8422c17fc2cea27762861719e9a6eb83779f6715062e9449b55d5d02f8012361)
[1;30m2026-10-09 20:41:56.079 +00:00[0m [1;34mmain[0m INFO ckb_memory_tracker::process  track current process: disable
[1;30m2026-10-09 20:41:56.082 +00:00[0m [1;34mmain[0m INFO ckb_launcher  chain genesis hash: 0xddd6aea22911805968ca3f89bda08aa9d8024fc00b2c9ffb07b1bcd170673c6a
[1;30m2026-10-09 20:41:56.082 +00:00[0m [1;34mmain[0m INFO ckb_sync::types  header_map.memory_limit 256MB
[1;30m2026-10-09 20:41:56.082 +00:00[0m [1;34mmain[0m INFO ckb_network::network  Loading the peer store. This process may take a few seconds to complete.
[1;30m2026-10-09 20:41:56.082 +00:00[0m [1;34minit_load_unverified_blocks[0m INFO ckb_chain::init_load_unverified  finding unverified blocks, current tip: 0-Byte32(0xddd6aea22911805968ca3f89bda08aa9d8024fc00b2c9ffb07b1bcd170673c6a)
[1;30m2026-10-09 20:41:56.082 +00:00[0m [1;34minit_load_unverified_blocks[0m INFO ckb_chain::init_load_unverified  no unverified blocks found after tip, current tip: 0-Byte32(0xddd6aea22911805968ca3f89bda08aa9d8024fc00b2c9ffb07b1bcd170673c6a)
[1;30m2026-10-09 20:41:56.082 +00:00[0m [1;34minit_load_unverified_blocks[0m INFO ckb_chain::init_load_unverified  find unverified blocks finished
[1;30m2026-10-09 20:41:56.083 +00:00[0m [1;34mGlobalRt-12[0m INFO ckb_network::network  Listen on address: /ip4/127.0.0.1/tcp/18715
[1;30m2026-10-09 20:41:56.083 +00:00[0m [1;34mGlobalRt-12[0m INFO ckb_network::network  Listen on address: /ip4/127.0.0.1/tcp/18715/ws
[1;30m2026-10-09 20:41:56.083 +00:00[0m [1;34mGlobalRt-12[0m INFO ckb_network::network  p2p service event: ListenStarted { address: "/ip4/127.0.0.1/tcp/18715" }
[1;30m2026-10-09 20:41:56.083 +00:00[0m [1;34mGlobalRt-12[0m INFO ckb_network::network  p2p service event: ListenStarted { address: "/ip4/127.0.0.1/tcp/18715/ws" }
[1;30m2026-10-09 20:41:56.099 +00:00[0m [1;34mmain[0m INFO ckb_rpc::server  Listen HTTP RPCServer on address: 127.0.0.1:18714
[1;30m2026-10-09 20:41:56.104 +00:00[0m [1;34mGlobalRt-17[0m INFO ckb_indexer_sync  initial_syncing finished
[1;30m2026-10-09 20:41:56.124 +00:00[0m [1;34mmain[0m INFO ckb_bin::subcommand::run  CKB service started ...
[1;30m2026-10-09 20:41:56.124 +00:00[0m [1;34mmain[0m INFO ckb_stop_handler::stop_register  Waiting exit signal...
[1;30m2026-10-09 20:41:56.280 +00:00[0m [1;34mverify_blocks[0m INFO ckb_chain::verify  [verify block] new best block found: 1 => 0xaf9e2a3d58f5b9989b69b35f0a18f8d4400cd7c5ea7da7aa54782774935abd01, difficulty diff = 0x100, unverified_tip: 1
[1;30m2026-10-09 20:41:56.281 +00:00[0m [1;34mverify_blocks[0m INFO ckb_chain::verify  block: 1, hash: 0xaf9e2a3d58f5b9989b69b35f0a18f8d4400cd7c5ea7da7aa54782774935abd01, epoch: 0(1/10), total_diff: 0x200, txs: 1
[1;30m2026-10-09 20:41:56.285 +00:00[0m [1;34mGlobalRt-42[0m INFO ckb_indexer_sync  Indexer append 1, Byte32(0xaf9e2a3d58f5b9989b69b35f0a18f8d4400cd7c5ea7da7aa54782774935abd01)
[1;30m2026-10-09 20:41:56.386 +00:00[0m [1;34mverify_blocks[0m INFO ckb_chain::verify  [verify block] new best block found: 2 => 0xb2ca4f5db7c60e8834945d61049697b62c58190247f20e324198f132bfcac498, difficulty diff = 0x100, unverified_tip: 2
[1;30m2026-10-09 20:41:56.387 +00:00[0m [1;34mverify_blocks[0m INFO ckb_chain::verify  block: 2, hash: 0xb2ca4f5db7c60e8834945d61049697b62c58190247f20e324198f132bfcac498, epoch: 0(2/10), total_diff: 0x300, txs: 1
[1;30m2026-10-09 20:41:56.391 +00:00[0m [1;34mGlobalRt-16[0m INFO ckb_indexer_sync  Indexer append 2, Byte32(0xb2ca4f5db7c60e8834945d61049697b62c58190247f20e324198f132bfcac498)
[1;30m2026-10-09 20:41:56.491 +00:00[0m [1;34mverify_blocks[0m INFO ckb_chain::verify  [verify block] new best block found: 3 => 0xbc04668793dad546c910c1fb333a471e08032cb257bbffcbde016682a50346a7, difficulty diff = 0x100, unverified_tip: 3
[1;30m2026-10-09 20:41:56.491 +00:00[0m [1;34mverify_blocks[0m INFO ckb_chain::verify  block: 3, hash: 0xbc04668793dad546c910c1fb333a471e08032cb257bbffcbde016682a50346a7, epoch: 0(3/10), total_diff: 0x400, txs: 1
[1;30m2026-10-09 20:41:56.492 +00:00[0m [1;34mGlobalRt-8[0m INFO ckb_tx_pool::pool  [get_block_template] candidate txs count: 1, size: 68130/596474, cycles:1644795/10000000000
[1;30m2026-10-09 20:41:56.494 +00:00[0m [1;34mGlobalRt-16[0m INFO ckb_indexer_sync  Indexer append 3, Byte32(0xbc04668793dad546c910c1fb333a471e08032cb257bbffcbde016682a50346a7)
[1;30m2026-10-09 20:41:56.618 +00:00[0m [1;34mverify_blocks[0m INFO ckb_chain::verify  [verify block] new best block found: 4 => 0xdc004eff755d9c34fdfef564ff121d1d82e9aba6b08f1e8f42dd8458abcae251, difficulty diff = 0x100, unverified_tip: 4
[1;30m2026-10-09 20:41:56.619 +00:00[0m [1;34mverify_blocks[0m INFO ckb_chain::verify  [block_verifier] block number: 4, hash: Byte32(0xdc004eff755d9c34fdfef564ff121d1d82e9aba6b08f1e8f42dd8458abcae251), size:68656/597000, cycles: 1644795/10000000000
[1;30m2026-10-09 20:41:56.619 +00:00[0m [1;34mverify_blocks[0m INFO ckb_chain::verify  block: 4, hash: 0xdc004eff755d9c34fdfef564ff121d1d82e9aba6b08f1e8f42dd8458abcae251, epoch: 0(4/10), total_diff: 0x500, txs: 2
[1;30m2026-10-09 20:41:56.622 +00:00[0m [1;34mGlobalRt-16[0m INFO ckb_indexer_sync  Indexer append 4, Byte32(0xdc004eff755d9c34fdfef564ff121d1d82e9aba6b08f1e8f42dd8458abcae251)
[1;30m2026-10-09 20:41:56.761 +00:00[0m [1;34mverify_blocks[0m INFO ckb_chain::verify  [verify block] new best block found: 5 => 0x3d013daa94c45ef80210b5c0a37ba735df7dfe03c911724df8a8b49442705bdf, difficulty diff = 0x100, unverified_tip: 5
[1;30m2026-10-09 20:41:56.762 +00:00[0m [1;34mverify_blocks[0m INFO ckb_chain::verify  block: 5, hash: 0x3d013daa94c45ef80210b5c0a37ba735df7dfe03c911724df8a8b49442705bdf, epoch: 0(5/10), total_diff: 0x600, txs: 1
[1;30m2026-10-09 20:41:56.765 +00:00[0m [1;34mGlobalRt-17[0m INFO ckb_indexer_sync  Indexer append 5, Byte32(0x3d013daa94c45ef80210b5c0a37ba735df7dfe03c911724df8a8b49442705bdf)
[1;30m2026-10-09 20:41:56.865 +00:00[0m [1;34mverify_blocks[0m INFO ckb_chain::verify  [verify block] new best block found: 6 => 0x62012e728abde81ce2e640b7052af15f6425daf5ceee8cab9f8b1a7a77e4ca7e, difficulty diff = 0x100, unverified_tip: 6
[1;30m2026-10-09 20:41:56.866 +00:00[0m [1;34mverify_blocks[0m INFO ckb_chain::verify  block: 6, hash: 0x62012e728abde81ce2e640b7052af15f6425daf5ceee8cab9f8b1a7a77e4ca7e, epoch: 0(6/10), total_diff: 0x700, txs: 1
[1;30m2026-10-09 20:41:56.868 +00:00[0m [1;34mGlobalRt-17[0m INFO ckb_indexer_sync  Indexer append 6, Byte32(0x62012e728abde81ce2e640b7052af15f6425daf5ceee8cab9f8b1a7a77e4ca7e)
[1;30m2026-10-09 20:41:56.991 +00:00[0m [1;34mverify_blocks[0m INFO ckb_chain::verify  [verify block] new best block found: 7 => 0xa825a1990d4d004fedbff708f183d42b5e5301971dde41e6fd8644d72f1a0276, difficulty diff = 0x100, unverified_tip: 7
[1;30m2026-10-09 20:41:56.991 +00:00[0m [1;34mverify_blocks[0m INFO ckb_chain::verify  block: 7, hash: 0xa825a1990d4d004fedbff708f183d42b5e5301971dde41e6fd8644d72f1a0276, epoch: 0(7/10), total_diff: 0x800, txs: 1
[1;30m2026-10-09 20:41:56.992 +00:00[0m [1;34mGlobalRt-43[0m INFO ckb_tx_pool::pool  [get_block_template] candidate txs count: 1, size: 25996/596474, cycles:1644147/10000000000
[1;30m2026-10-09 20:41:56.995 +00:00[0m [1;34mGlobalRt-44[0m INFO ckb_indexer_sync  Indexer append 7, Byte32(0xa825a1990d4d004fedbff708f183d42b5e5301971dde41e6fd8644d72f1a0276)
[1;30m2026-10-09 20:41:57.095 +00:00[0m [1;34mverify_blocks[0m INFO ckb_chain::verify  [verify block] new best block found: 8 => 0x743552d36ec2993d9375994ac994546dc5d5a55f3a45369d5426869f6884802d, difficulty diff = 0x100, unverified_tip: 8
[1;30m2026-10-09 20:41:57.096 +00:00[0m [1;34mverify_blocks[0m INFO ckb_chain::verify  [block_verifier] block number: 8, hash: Byte32(0x743552d36ec2993d9375994ac994546dc5d5a55f3a45369d5426869f6884802d), size:26522/597000, cycles: 1644147/10000000000
[1;30m2026-10-09 20:41:57.096 +00:00[0m [1;34mverify_blocks[0m INFO ckb_chain::verify  block: 8, hash: 0x743552d36ec2993d9375994ac994546dc5d5a55f3a45369d5426869f6884802d, epoch: 0(8/10), total_diff: 0x900, txs: 2
[1;30m2026-10-09 20:41:57.098 +00:00[0m [1;34mGlobalRt-9[0m INFO ckb_indexer_sync  Indexer append 8, Byte32(0x743552d36ec2993d9375994ac994546dc5d5a55f3a45369d5426869f6884802d)
[1;30m2026-10-09 20:41:57.216 +00:00[0m [1;34mverify_blocks[0m INFO ckb_chain::verify  [verify block] new best block found: 9 => 0x914146e1d883b5012d377607271af1d9ffdfff31863dd47f9b265cb6987a8830, difficulty diff = 0x100, unverified_tip: 9
[1;30m2026-10-09 20:41:57.217 +00:00[0m [1;34mverify_blocks[0m INFO ckb_chain::verify  block: 9, hash: 0x914146e1d883b5012d377607271af1d9ffdfff31863dd47f9b265cb6987a8830, epoch: 0(9/10), total_diff: 0xa00, txs: 1
[1;30m2026-10-09 20:41:57.220 +00:00[0m [1;34mGlobalRt-44[0m INFO ckb_indexer_sync  Indexer append 9, Byte32(0x914146e1d883b5012d377607271af1d9ffdfff31863dd47f9b265cb6987a8830)
[1;30m2026-10-09 20:41:57.340 +00:00[0m [1;34mverify_blocks[0m INFO ckb_chain::verify  [verify block] new best block found: 10 => 0xce874f28dd85ce9c5706f6e9fe229066789c1fd9c1bba40b03dc6cf18be0493d, difficulty diff = 0x100, unverified_tip: 10
[1;30m2026-10-09 20:41:57.342 +00:00[0m [1;34mverify_blocks[0m INFO ckb_chain::verify  block: 10, hash: 0xce874f28dd85ce9c5706f6e9fe229066789c1fd9c1bba40b03dc6cf18be0493d, epoch: 1(0/10), total_diff: 0xb00, txs: 1
[1;30m2026-10-09 20:41:57.344 +00:00[0m [1;34mGlobalRt-44[0m INFO ckb_indexer_sync  Indexer append 10, Byte32(0xce874f28dd85ce9c5706f6e9fe229066789c1fd9c1bba40b03dc6cf18be0493d)
[1;30m2026-10-09 20:41:57.445 +00:00[0m [1;34mverify_blocks[0m INFO ckb_chain::verify  [verify block] new best block found: 11 => 0x8496c4f092d4608dce6a47d25bb814124dc2b47845d2abb1f6e7bfa26b1c4880, difficulty diff = 0x100, unverified_tip: 11
[1;30m2026-10-09 20:41:57.446 +00:00[0m [1;34mverify_blocks[0m INFO ckb_chain::verify  block: 11, hash: 0x8496c4f092d4608dce6a47d25bb814124dc2b47845d2abb1f6e7bfa26b1c4880, epoch: 1(1/10), total_diff: 0xc00, txs: 1
[1;30m2026-10-09 20:41:57.446 +00:00[0m [1;34mGlobalRt-42[0m INFO ckb_tx_pool::pool  [get_block_template] candidate txs count: 1, size: 1005/596365, cycles:1742806/10000000000
[1;30m2026-10-09 20:41:57.450 +00:00[0m [1;34mGlobalRt-43[0m INFO ckb_indexer_sync  Indexer append 11, Byte32(0x8496c4f092d4608dce6a47d25bb814124dc2b47845d2abb1f6e7bfa26b1c4880)
[1;30m2026-10-09 20:41:57.549 +00:00[0m [1;34mverify_blocks[0m INFO ckb_chain::verify  [verify block] new best block found: 12 => 0x4e6c10ab18d96ec8360ad8e27767cc0aad216bb9405f46f67434236faa161206, difficulty diff = 0x100, unverified_tip: 12
[1;30m2026-10-09 20:41:57.550 +00:00[0m [1;34mverify_blocks[0m INFO ckb_chain::verify  [block_verifier] block number: 12, hash: Byte32(0x4e6c10ab18d96ec8360ad8e27767cc0aad216bb9405f46f67434236faa161206), size:1640/597000, cycles: 1742806/10000000000
[1;30m2026-10-09 20:41:57.550 +00:00[0m [1;34mverify_blocks[0m INFO ckb_chain::verify  block: 12, hash: 0x4e6c10ab18d96ec8360ad8e27767cc0aad216bb9405f46f67434236faa161206, epoch: 1(2/10), total_diff: 0xd00, txs: 2
[1;30m2026-10-09 20:41:57.554 +00:00[0m [1;34mGlobalRt-42[0m INFO ckb_indexer_sync  Indexer append 12, Byte32(0x4e6c10ab18d96ec8360ad8e27767cc0aad216bb9405f46f67434236faa161206)
[1;30m2026-10-09 20:41:57.672 +00:00[0m [1;34mGlobalRt-12[0m INFO ckb_script::verify::logging  Error validating script group Byte32(0x33b78a2d0029359f7d7b583e7752515c2a6fab7ad1b69e9aa39fef4aeefa1e8b) of transaction Byte32(0x006171b5d9018612a96bef0b166b1cc01f5e7b8511e320b0d446a29e8900e9ce): ValidationFailure: see error code 7 on page https://nervosnetwork.github.io/ckb-script-error-codes/by-data-hash/b2784f9a45abb5000102f1d2216228c8b48463dc327137bf2fe690508103d442.html#7
[1;30m2026-10-09 20:41:57.677 +00:00[0m [1;34mGlobalRt-44[0m INFO ckb_script::verify::logging  Error validating script group Byte32(0x33b78a2d0029359f7d7b583e7752515c2a6fab7ad1b69e9aa39fef4aeefa1e8b) of transaction Byte32(0x2a6aad948efcf49f9ce681c97c1ceeca1819d1bc968cd8a46761aede5c94ef25): ValidationFailure: see error code 7 on page https://nervosnetwork.github.io/ckb-script-error-codes/by-data-hash/b2784f9a45abb5000102f1d2216228c8b48463dc327137bf2fe690508103d442.html#7
[1;30m2026-10-09 20:41:57.684 +00:00[0m [1;34mGlobalRt-14[0m INFO ckb_script::verify::logging  Error validating script group Byte32(0x33b78a2d0029359f7d7b583e7752515c2a6fab7ad1b69e9aa39fef4aeefa1e8b) of transaction Byte32(0x4c69687d328cd3817101d403b2758bb56b7a260fc7a50a3b6fe636e9fa7c5db9): ValidationFailure: see error code 7 on page https://nervosnetwork.github.io/ckb-script-error-codes/by-data-hash/b2784f9a45abb5000102f1d2216228c8b48463dc327137bf2fe690508103d442.html#7
[1;30m2026-10-09 20:41:57.688 +00:00[0m [1;34mGlobalRt-42[0m INFO ckb_script::verify::logging  Error validating script group Byte32(0x33b78a2d0029359f7d7b583e7752515c2a6fab7ad1b69e9aa39fef4aeefa1e8b) of transaction Byte32(0x5ab473fda7265de38bd4cb49336964557042020a99fe3c0ceb31e93c956adc86): ValidationFailure: see error code 7 on page https://nervosnetwork.github.io/ckb-script-error-codes/by-data-hash/b2784f9a45abb5000102f1d2216228c8b48463dc327137bf2fe690508103d442.html#7
[1;30m2026-10-09 20:41:57.695 +00:00[0m [1;34mGlobalRt-16[0m INFO ckb_script::verify::logging  Error validating script group Byte32(0x33b78a2d0029359f7d7b583e7752515c2a6fab7ad1b69e9aa39fef4aeefa1e8b) of transaction Byte32(0xe2d52bddb1ad47a20f469ea2894cdee7723f8d0b930f5b2bd6d0fc3049aa30fc): ValidationFailure: see error code 7 on page https://nervosnetwork.github.io/ckb-script-error-codes/by-data-hash/b2784f9a45abb5000102f1d2216228c8b48463dc327137bf2fe690508103d442.html#7
[1;30m2026-10-09 20:41:57.702 +00:00[0m [1;34mGlobalRt-9[0m INFO ckb_script::verify::logging  Error validating script group Byte32(0x33b78a2d0029359f7d7b583e7752515c2a6fab7ad1b69e9aa39fef4aeefa1e8b) of transaction Byte32(0x55abf0196508282ea775a7ac0f1c04ebebd042895ee003cc3a2d948991e3e428): ValidationFailure: see error code 7 on page https://nervosnetwork.github.io/ckb-script-error-codes/by-data-hash/b2784f9a45abb5000102f1d2216228c8b48463dc327137bf2fe690508103d442.html#7
[1;30m2026-10-09 20:41:57.705 +00:00[0m [1;34mGlobalRt-44[0m INFO ckb_script::verify::logging  Error validating script group Byte32(0x33b78a2d0029359f7d7b583e7752515c2a6fab7ad1b69e9aa39fef4aeefa1e8b) of transaction Byte32(0xabc32f59607a03eeb561c018802dac4ee48a9a5650adbe392e6e4ec39510bfff): ValidationFailure: see error code 7 on page https://nervosnetwork.github.io/ckb-script-error-codes/by-data-hash/b2784f9a45abb5000102f1d2216228c8b48463dc327137bf2fe690508103d442.html#7
[1;30m2026-10-09 20:41:57.708 +00:00[0m [1;34mGlobalRt-44[0m INFO ckb_script::verify::logging  Error validating script group Byte32(0x33b78a2d0029359f7d7b583e7752515c2a6fab7ad1b69e9aa39fef4aeefa1e8b) of transaction Byte32(0xbb2e913f800f7c4ff6f6aac1a78b1f3ac8363d8ff2405b1b312240c382dc4277): ValidationFailure: see error code 7 on page https://nervosnetwork.github.io/ckb-script-error-codes/by-data-hash/b2784f9a45abb5000102f1d2216228c8b48463dc327137bf2fe690508103d442.html#7
[1;30m2026-10-09 20:41:57.714 +00:00[0m [1;34mGlobalRt-16[0m INFO ckb_script::verify::logging  Error validating script group Byte32(0x33b78a2d0029359f7d7b583e7752515c2a6fab7ad1b69e9aa39fef4aeefa1e8b) of transaction Byte32(0x303ad8eda20652dbe4cf8ef43f9117da80690c57f79671f3d7a44b4c0d174ad0): ValidationFailure: see error code 7 on page https://nervosnetwork.github.io/ckb-script-error-codes/by-data-hash/b2784f9a45abb5000102f1d2216228c8b48463dc327137bf2fe690508103d442.html#7
[1;30m2026-10-09 20:41:57.717 +00:00[0m [1;34mGlobalRt-14[0m INFO ckb_script::verify::logging  Error validating script group Byte32(0x33b78a2d0029359f7d7b583e7752515c2a6fab7ad1b69e9aa39fef4aeefa1e8b) of transaction Byte32(0xdf1618f228f2986321b55501d545367211646a0c55e70e1c3c15f4fa40d05649): ValidationFailure: see error code 7 on page https://nervosnetwork.github.io/ckb-script-error-codes/by-data-hash/b2784f9a45abb5000102f1d2216228c8b48463dc327137bf2fe690508103d442.html#7
[1;30m2026-10-09 20:41:57.723 +00:00[0m [1;34mGlobalRt-9[0m INFO ckb_script::verify::logging  Error validating script group Byte32(0xb18fe85569e788b7e4cb5c6b478002f6d1c5d5075ad0d8e5b47316b5e3c688a8) of transaction Byte32(0xfea3176f1f3bf6468d217d6e28074205cc734206863b3e6ce461ca30baf8662d): ValidationFailure: see error code 4 on page https://nervosnetwork.github.io/ckb-script-error-codes/by-data-hash/b2784f9a45abb5000102f1d2216228c8b48463dc327137bf2fe690508103d442.html#4
[1;30m2026-10-09 20:41:57.727 +00:00[0m [1;34mGlobalRt-43[0m INFO ckb_script::verify::logging  Error validating script group Byte32(0xa8cb819f81de299d0781b64f1b02c1bb76095064d06f13a8cf34d407b2ee551b) of transaction Byte32(0x7c3dfedbbf1026b6a6e93c410d6778112803ce1c9fbb4cb0f2f46e7042587f0c): ValidationFailure: see error code 1 on page https://nervosnetwork.github.io/ckb-script-error-codes/by-data-hash/b2784f9a45abb5000102f1d2216228c8b48463dc327137bf2fe690508103d442.html#1
[1;30m2026-10-09 20:41:57.730 +00:00[0m [1;34mGlobalRt-44[0m INFO ckb_script::verify::logging  Error validating script group Byte32(0x33b78a2d0029359f7d7b583e7752515c2a6fab7ad1b69e9aa39fef4aeefa1e8b) of transaction Byte32(0x0f2acede6b987e2955526b5b2b78356a85878fc06b58670ef8bc2813ba56b3ae): ValidationFailure: see error code 5 on page https://nervosnetwork.github.io/ckb-script-error-codes/by-data-hash/b2784f9a45abb5000102f1d2216228c8b48463dc327137bf2fe690508103d442.html#5
[1;30m2026-10-09 20:41:57.736 +00:00[0m [1;34mGlobalRt-16[0m INFO ckb_script::verify::logging  Error validating script group Byte32(0x33b78a2d0029359f7d7b583e7752515c2a6fab7ad1b69e9aa39fef4aeefa1e8b) of transaction Byte32(0x9fc2fbf734bea86113e98715fdbee372333a2db29b5c61c024ab316d49f34fae): ValidationFailure: see error code 5 on page https://nervosnetwork.github.io/ckb-script-error-codes/by-data-hash/b2784f9a45abb5000102f1d2216228c8b48463dc327137bf2fe690508103d442.html#5
[1;30m2026-10-09 20:41:57.739 +00:00[0m [1;34mGlobalRt-14[0m INFO ckb_script::verify::logging  Error validating script group Byte32(0x33b78a2d0029359f7d7b583e7752515c2a6fab7ad1b69e9aa39fef4aeefa1e8b) of transaction Byte32(0x87f9d17d4c32f6bf55bf05fdbfe3027bfd9e098a13e2947ab84f60a2e706a317): ValidationFailure: see error code 2 on page https://nervosnetwork.github.io/ckb-script-error-codes/by-data-hash/b2784f9a45abb5000102f1d2216228c8b48463dc327137bf2fe690508103d442.html#2
[1;30m2026-10-09 20:41:57.744 +00:00[0m [1;34mGlobalRt-9[0m INFO ckb_script::verify::logging  Error validating script group Byte32(0x33b78a2d0029359f7d7b583e7752515c2a6fab7ad1b69e9aa39fef4aeefa1e8b) of transaction Byte32(0x49270701b5a976d7c304fdb77bb64b15b01d75b8c54a260b8300553d29f05dc7): ValidationFailure: see error code 4 on page https://nervosnetwork.github.io/ckb-script-error-codes/by-data-hash/b2784f9a45abb5000102f1d2216228c8b48463dc327137bf2fe690508103d442.html#4
[1;30m2026-10-09 20:41:57.747 +00:00[0m [1;34mGlobalRt-43[0m INFO ckb_script::verify::logging  Error validating script group Byte32(0x33b78a2d0029359f7d7b583e7752515c2a6fab7ad1b69e9aa39fef4aeefa1e8b) of transaction Byte32(0x03e55aef5ccd2e69addb043a137f84355e92d4ad4d49ed1be967002d4137ebce): ValidationFailure: see error code 4 on page https://nervosnetwork.github.io/ckb-script-error-codes/by-data-hash/b2784f9a45abb5000102f1d2216228c8b48463dc327137bf2fe690508103d442.html#4
[1;30m2026-10-09 20:41:57.755 +00:00[0m [1;34mverify_blocks[0m INFO ckb_chain::verify  [verify block] new best block found: 13 => 0x4ca25249bfeaeacb471e04b783edd709b18184d1cbf8ee9104510ba614e62fa0, difficulty diff = 0x100, unverified_tip: 13
[1;30m2026-10-09 20:41:57.756 +00:00[0m [1;34mverify_blocks[0m INFO ckb_chain::verify  block: 13, hash: 0x4ca25249bfeaeacb471e04b783edd709b18184d1cbf8ee9104510ba614e62fa0, epoch: 1(3/10), total_diff: 0xe00, txs: 1
[1;30m2026-10-09 20:41:57.757 +00:00[0m [1;34mGlobalRt-42[0m INFO ckb_indexer_sync  Indexer append 13, Byte32(0x4ca25249bfeaeacb471e04b783edd709b18184d1cbf8ee9104510ba614e62fa0)
[1;30m2026-10-09 20:41:57.858 +00:00[0m [1;34mverify_blocks[0m INFO ckb_chain::verify  [verify block] new best block found: 14 => 0x4991eeb6770063839d314d3ab34ea897eb1a4d090039876255845a51b68040ac, difficulty diff = 0x100, unverified_tip: 14
[1;30m2026-10-09 20:41:57.858 +00:00[0m [1;34mverify_blocks[0m INFO ckb_chain::verify  block: 14, hash: 0x4991eeb6770063839d314d3ab34ea897eb1a4d090039876255845a51b68040ac, epoch: 1(4/10), total_diff: 0xf00, txs: 1
[1;30m2026-10-09 20:41:57.861 +00:00[0m [1;34mGlobalRt-12[0m INFO ckb_indexer_sync  Indexer append 14, Byte32(0x4991eeb6770063839d314d3ab34ea897eb1a4d090039876255845a51b68040ac)
[1;30m2026-10-09 20:41:57.961 +00:00[0m [1;34mverify_blocks[0m INFO ckb_chain::verify  [verify block] new best block found: 15 => 0x228f4f3c75eda3d7ce516ba7d6fd2aed662d59ee9c220b5caa85ef0387152ff9, difficulty diff = 0x100, unverified_tip: 15
[1;30m2026-10-09 20:41:57.961 +00:00[0m [1;34mverify_blocks[0m INFO ckb_chain::verify  block: 15, hash: 0x228f4f3c75eda3d7ce516ba7d6fd2aed662d59ee9c220b5caa85ef0387152ff9, epoch: 1(5/10), total_diff: 0x1000, txs: 1
[1;30m2026-10-09 20:41:57.962 +00:00[0m [1;34mGlobalRt-44[0m INFO ckb_tx_pool::pool  [get_block_template] candidate txs count: 1, size: 1687/596365, cycles:1799031/10000000000
[1;30m2026-10-09 20:41:57.963 +00:00[0m [1;34mGlobalRt-43[0m INFO ckb_indexer_sync  Indexer append 15, Byte32(0x228f4f3c75eda3d7ce516ba7d6fd2aed662d59ee9c220b5caa85ef0387152ff9)
[1;30m2026-10-09 20:41:58.064 +00:00[0m [1;34mverify_blocks[0m INFO ckb_chain::verify  [verify block] new best block found: 16 => 0x9fbf35cfe168af3c121b25edff0609d0e8f882a9ca473244fadb94a934a7e396, difficulty diff = 0x100, unverified_tip: 16
[1;30m2026-10-09 20:41:58.065 +00:00[0m [1;34mverify_blocks[0m INFO ckb_chain::verify  [block_verifier] block number: 16, hash: Byte32(0x9fbf35cfe168af3c121b25edff0609d0e8f882a9ca473244fadb94a934a7e396), size:2322/597000, cycles: 1799031/10000000000
[1;30m2026-10-09 20:41:58.065 +00:00[0m [1;34mverify_blocks[0m INFO ckb_chain::verify  block: 16, hash: 0x9fbf35cfe168af3c121b25edff0609d0e8f882a9ca473244fadb94a934a7e396, epoch: 1(6/10), total_diff: 0x1100, txs: 2
[1;30m2026-10-09 20:41:58.068 +00:00[0m [1;34mGlobalRt-14[0m INFO ckb_indexer_sync  Indexer append 16, Byte32(0x9fbf35cfe168af3c121b25edff0609d0e8f882a9ca473244fadb94a934a7e396)
[1;30m2026-10-09 20:41:58.174 +00:00[0m [1;34mGlobalRt-45[0m INFO ckb_script::verify::logging  Error validating script group Byte32(0x33b78a2d0029359f7d7b583e7752515c2a6fab7ad1b69e9aa39fef4aeefa1e8b) of transaction Byte32(0xc9c3bcf6141d136037c1189c0626944642c8f8252f2c35e0f44a91fbe7986c2a): ValidationFailure: see error code 2 on page https://nervosnetwork.github.io/ckb-script-error-codes/by-data-hash/b2784f9a45abb5000102f1d2216228c8b48463dc327137bf2fe690508103d442.html#2
[1;30m2026-10-09 20:41:58.179 +00:00[0m [1;34mGlobalRt-16[0m INFO ckb_script::verify::logging  Error validating script group Byte32(0x33b78a2d0029359f7d7b583e7752515c2a6fab7ad1b69e9aa39fef4aeefa1e8b) of transaction Byte32(0x9a3be14006a0a433fc2f07bd5aec55d07a6a466da0b98795225c909a5ba9969a): ValidationFailure: see error code 2 on page https://nervosnetwork.github.io/ckb-script-error-codes/by-data-hash/b2784f9a45abb5000102f1d2216228c8b48463dc327137bf2fe690508103d442.html#2
[1;30m2026-10-09 20:41:58.204 +00:00[0m [1;34mverify_blocks[0m INFO ckb_chain::verify  [verify block] new best block found: 17 => 0x863df534d9be3d2f544d007549a1459b051cc53c537ff1044b5c9f419ded54a4, difficulty diff = 0x100, unverified_tip: 17
[1;30m2026-10-09 20:41:58.204 +00:00[0m [1;34mverify_blocks[0m INFO ckb_chain::verify  block: 17, hash: 0x863df534d9be3d2f544d007549a1459b051cc53c537ff1044b5c9f419ded54a4, epoch: 1(7/10), total_diff: 0x1200, txs: 1
[1;30m2026-10-09 20:41:58.206 +00:00[0m [1;34mGlobalRt-44[0m INFO ckb_indexer_sync  Indexer append 17, Byte32(0x863df534d9be3d2f544d007549a1459b051cc53c537ff1044b5c9f419ded54a4)
[1;30m2026-10-09 20:41:58.307 +00:00[0m [1;34mverify_blocks[0m INFO ckb_chain::verify  [verify block] new best block found: 18 => 0x9227c179ff92e66bfed6ea984f5ef13f6c8b443ce24151fbc4163e73ddb83ae5, difficulty diff = 0x100, unverified_tip: 18
[1;30m2026-10-09 20:41:58.307 +00:00[0m [1;34mverify_blocks[0m INFO ckb_chain::verify  block: 18, hash: 0x9227c179ff92e66bfed6ea984f5ef13f6c8b443ce24151fbc4163e73ddb83ae5, epoch: 1(8/10), total_diff: 0x1300, txs: 1
[1;30m2026-10-09 20:41:58.310 +00:00[0m [1;34mGlobalRt-43[0m INFO ckb_indexer_sync  Indexer append 18, Byte32(0x9227c179ff92e66bfed6ea984f5ef13f6c8b443ce24151fbc4163e73ddb83ae5)
[1;30m2026-10-09 20:41:58.410 +00:00[0m [1;34mverify_blocks[0m INFO ckb_chain::verify  [verify block] new best block found: 19 => 0x9d2ec862feaf4220f63f6f4f970276475c0d66d412fbd2a942317a2946413ebd, difficulty diff = 0x100, unverified_tip: 19
[1;30m2026-10-09 20:41:58.410 +00:00[0m [1;34mverify_blocks[0m INFO ckb_chain::verify  block: 19, hash: 0x9d2ec862feaf4220f63f6f4f970276475c0d66d412fbd2a942317a2946413ebd, epoch: 1(9/10), total_diff: 0x1400, txs: 1
[1;30m2026-10-09 20:41:58.410 +00:00[0m [1;34mGlobalRt-14[0m INFO ckb_tx_pool::pool  [get_block_template] candidate txs count: 1, size: 1724/596365, cycles:1807877/10000000000
[1;30m2026-10-09 20:41:58.413 +00:00[0m [1;34mGlobalRt-43[0m INFO ckb_indexer_sync  Indexer append 19, Byte32(0x9d2ec862feaf4220f63f6f4f970276475c0d66d412fbd2a942317a2946413ebd)
[1;30m2026-10-09 20:41:58.513 +00:00[0m [1;34mverify_blocks[0m INFO ckb_chain::verify  [verify block] new best block found: 20 => 0xbd76a54ea26db84ead03b2022ee293d41263f63f2876ad1922d4660eb202d265, difficulty diff = 0x100, unverified_tip: 20
[1;30m2026-10-09 20:41:58.513 +00:00[0m [1;34mverify_blocks[0m INFO ckb_chain::verify  [block_verifier] block number: 20, hash: Byte32(0xbd76a54ea26db84ead03b2022ee293d41263f63f2876ad1922d4660eb202d265), size:2359/597000, cycles: 1807877/10000000000
[1;30m2026-10-09 20:41:58.513 +00:00[0m [1;34mverify_blocks[0m INFO ckb_chain::verify  block: 20, hash: 0xbd76a54ea26db84ead03b2022ee293d41263f63f2876ad1922d4660eb202d265, epoch: 2(0/10), total_diff: 0x1500, txs: 2
[1;30m2026-10-09 20:41:58.516 +00:00[0m [1;34mGlobalRt-12[0m INFO ckb_indexer_sync  Indexer append 20, Byte32(0xbd76a54ea26db84ead03b2022ee293d41263f63f2876ad1922d4660eb202d265)
[1;30m2026-10-09 20:41:58.621 +00:00[0m [1;34mGlobalRt-9[0m INFO ckb_script::verify::logging  Error validating script group Byte32(0x33b78a2d0029359f7d7b583e7752515c2a6fab7ad1b69e9aa39fef4aeefa1e8b) of transaction Byte32(0xd92c6021408dae6531fb136d79f36fdeabdd09cbd4cb28be926ec0977905c89c): ValidationFailure: see error code 2 on page https://nervosnetwork.github.io/ckb-script-error-codes/by-data-hash/b2784f9a45abb5000102f1d2216228c8b48463dc327137bf2fe690508103d442.html#2
[1;30m2026-10-09 20:41:58.626 +00:00[0m [1;34mGlobalRt-43[0m INFO ckb_script::verify::logging  Error validating script group Byte32(0x33b78a2d0029359f7d7b583e7752515c2a6fab7ad1b69e9aa39fef4aeefa1e8b) of transaction Byte32(0x47568b2b0e67ba5db6e4ac36ec4900f9e5e92d153d8241e33c264f746dac5364): ValidationFailure: see error code 2 on page https://nervosnetwork.github.io/ckb-script-error-codes/by-data-hash/b2784f9a45abb5000102f1d2216228c8b48463dc327137bf2fe690508103d442.html#2
[1;30m2026-10-09 20:41:58.678 +00:00[0m [1;34mctrl-c[0m INFO ckb_bin::subcommand::run  Trapped exit signal, exiting...
[1;30m2026-10-09 20:41:58.678 +00:00[0m [1;34mGlobalRt-45[0m INFO ckb_shared::types::header_map  HeaderMap limit_memory received exit signal, exit now
[1;30m2026-10-09 20:41:58.678 +00:00[0m [1;34mGlobalRt-45[0m INFO ckb_network::network  NetworkService receive exit signal, start shutdown...
[1;30m2026-10-09 20:41:58.678 +00:00[0m [1;34mGlobalRt-45[0m INFO ckb_network::network  NetworkService shutdown now
[1;30m2026-10-09 20:41:58.678 +00:00[0m [1;34mChainService[0m INFO ckb_chain::chain_service  ChainService received exit signal, exit now
[1;30m2026-10-09 20:41:58.678 +00:00[0m [1;34mGlobalRt-44[0m INFO ckb_tx_pool::service  TxPool reorg process service received exit signal, exit now
[1;30m2026-10-09 20:41:58.678 +00:00[0m [1;34mGlobalRt-44[0m INFO ckb_tx_pool::verify_mgr  TxPool chunk_command service received exit signal, exit now
[1;30m2026-10-09 20:41:58.678 +00:00[0m [1;34mGlobalRt-44[0m INFO ckb_notify  NotifyService received exit signal, exit now
[1;30m2026-10-09 20:41:58.678 +00:00[0m [1;34mGlobalRt-44[0m INFO ckb_tx_pool::verify_mgr  Verify worker::process_inner exit_signal is cancelled
[1;30m2026-10-09 20:41:58.678 +00:00[0m [1;34mpreload_unverified_block[0m INFO ckb_chain::preload_unverified_blocks_channel  preload_unverified_blocks thread received exit signal, exit now
[1;30m2026-10-09 20:41:58.678 +00:00[0m [1;34mGlobalRt-44[0m INFO ckb_tx_pool::verify_mgr  Verify worker::process_inner exit_signal is cancelled
[1;30m2026-10-09 20:41:58.678 +00:00[0m [1;34mGlobalRt-44[0m INFO ckb_tx_pool::verify_mgr  Verify worker::process_inner exit_signal is cancelled
[1;30m2026-10-09 20:41:58.678 +00:00[0m [1;34mGlobalRt-44[0m INFO ckb_tx_pool::verify_mgr  Verify worker::process_inner exit_signal is cancelled
[1;30m2026-10-09 20:41:58.678 +00:00[0m [1;34mGlobalRt-44[0m INFO ckb_tx_pool::verify_mgr  Verify worker::process_inner exit_signal is cancelled
[1;30m2026-10-09 20:41:58.678 +00:00[0m [1;34mGlobalRt-16[0m INFO ckb_tx_pool::verify_mgr  TxPool verify_mgr service exited
[1;30m2026-10-09 20:41:58.678 +00:00[0m [1;34mGlobalRt-44[0m INFO ckb_block_filter::filter  BlockFilter received exit signal, exit now
[1;30m2026-10-09 20:41:58.678 +00:00[0m [1;34mGlobalRt-44[0m INFO ckb_indexer_sync  Indexer received exit signal, exit now
[1;30m2026-10-09 20:41:58.678 +00:00[0m [1;34mGlobalRt-16[0m INFO ckb_tx_pool::service  TxPool block_assembler process service received exit signal, exit now
[1;30m2026-10-09 20:41:58.678 +00:00[0m [1;34mGlobalRt-16[0m INFO ckb_tx_pool::service  TxPool is saving, please wait...
[1;30m2026-10-09 20:41:58.679 +00:00[0m [1;34mGlobalRt-17[0m INFO ckb_network::network  p2p service event: ListenClose { address: "/ip4/127.0.0.1/tcp/18715" }
[1;30m2026-10-09 20:41:58.679 +00:00[0m [1;34mGlobalRt-17[0m INFO ckb_network::network  p2p service event: ListenClose { address: "/ip4/127.0.0.1/tcp/18715/ws" }
[1;30m2026-10-09 20:41:58.679 +00:00[0m [1;34mverify_blocks[0m INFO ckb_chain::verify  truncate_block_tx has been closed, err: receiving on an empty and disconnected channel
[1;30m2026-10-09 20:41:58.679 +00:00[0m [1;34mChainService[0m WARN ckb_chain::init  trying to notify consume unverified thread to stop, but unverified_queue_stop_tx already closed
[1;30m2026-10-09 20:41:58.679 +00:00[0m [1;34mmain[0m INFO ckb_stop_handler::stop_register  Waiting thread ChainService done.
[1;30m2026-10-09 20:41:58.679 +00:00[0m [1;34mmain[0m INFO ckb_stop_handler::stop_register  All ckb threads have been stopped
[1;30m2026-10-09 20:41:58.680 +00:00[0m [1;34mGlobalRt-16[0m INFO ckb_tx_pool::process  TxPool saved successfully
[1;30m2026-10-09 20:41:58.680 +00:00[0m [1;34mGlobalRt-16[0m INFO ckb_tx_pool::service  TxPool process_service exit now
[1;30m2026-10-09 20:41:58.681 +00:00[0m [1;34mmain[0m INFO ckb_bin  Waiting for all tokio tasks to exit...
[1;30m2026-10-09 20:41:58.687 +00:00[0m [1;34mmain[0m INFO ckb_bin  All tokio tasks and threads have exited. CKB shutdown
